Microchip MPLAB XC8 Compiler V2.05 ()

Linker command line:

-W-3 --edf=C:\Program Files (x86)\Microchip\xc8\v2.05\pic\dat\en_msgs.txt \
  -cs -h+dist/default/production\LampeSolaire.X.production.sym \
  --cmf=dist/default/production\LampeSolaire.X.production.cmf -z -Q16LF1827 \
  -oC:\Users\Esseiva\AppData\Local\Temp\s2as.2 --defsym=__MPLAB_BUILD=1 \
  -Mdist/default/production/LampeSolaire.X.production.map -E1 -ver=XC8 \
  -ASTACK=02029h-0206Fh -pstack=STACK -ACODE=00h-07FFhx2 \
  -ASTRCODE=00h-0FFFh -ASTRING=00h-0FFhx16 -ACONST=00h-0FFhx16 \
  -AENTRY=00h-0FFhx16 -ACOMMON=070h-07Fh -ABANK0=020h-06Fh \
  -ABANK1=0A0h-0EFh -ABANK2=0120h-016Fh -ABANK3=01A0h-01EFh \
  -ABANK4=0220h-024Fh -ABIGRAM=02000h-0216Fh \
  -ARAM=020h-06Fh,0A0h-0EFh,0120h-016Fh,01A0h-01EFh,0220h-024Fh \
  -AABS1=020h-07Fh,0A0h-0EFh,0120h-016Fh,01A0h-01EFh,0220h-024Fh \
  -ASFR0=00h-01Fh -ASFR1=080h-09Fh -ASFR2=0100h-011Fh -ASFR3=0180h-019Fh \
  -ASFR4=0200h-021Fh -ASFR5=0280h-02EFh -ASFR6=0300h-036Fh \
  -ASFR7=0380h-03EFh -ASFR8=0400h-046Fh -ASFR9=0480h-04EFh \
  -ASFR10=0500h-056Fh -ASFR11=0580h-05EFh -ASFR12=0600h-066Fh \
  -ASFR13=0680h-06EFh -ASFR14=0700h-076Fh -ASFR15=0780h-07EFh \
  -ASFR16=0800h-086Fh -ASFR17=0880h-08EFh -ASFR18=0900h-096Fh \
  -ASFR19=0980h-09EFh -ASFR20=0A00h-0A6Fh -ASFR21=0A80h-0AEFh \
  -ASFR22=0B00h-0B6Fh -ASFR23=0B80h-0BEFh -ASFR24=0C00h-0C6Fh \
  -ASFR25=0C80h-0CEFh -ASFR26=0D00h-0D6Fh -ASFR27=0D80h-0DEFh \
  -ASFR28=0E00h-0E6Fh -ASFR29=0E80h-0EEFh -ASFR30=0F00h-0F6Fh \
  -ASFR31=0F80h-0FEFh -preset_vec=00h,intentry=04h,init,end_init \
  -ppowerup=CODE -pcinit=CODE -pfunctab=ENTRY -ACONFIG=08007h-08008h \
  -pconfig=CONFIG -DCONFIG=2 -AIDLOC=08000h-08003h -pidloc=IDLOC -DIDLOC=2 \
  -AEEDATA=00h-0FFh/0F000h -peeprom_data=EEDATA -DEEDATA=2 -DCODE=2 \
  -DSTRCODE=2 -DSTRING=2 -DCONST=2 -DENTRY=2 -k \
  C:\Users\Esseiva\AppData\Local\Temp\s2as.o \
  dist/default/production\LampeSolaire.X.production.o 

Object code version is 3.11

Machine type is 16LF1827



                Name                               Link     Load   Length Selector   Space Scale
C:\Users\Esseiva\AppData\Local\Temp\s2as.o
                end_init                             2D       2D        2        8       0
                reset_vec                             0        0        2        0       0
                config                             8007     8007        2    1000E       0
dist/default/production\LampeSolaire.X.production.o
                cinit                                2F       2F       23        8       0
                intentry                              4        4       29        8       0
                text46                              497      497        3      8B8       0
                text45                              438      438        A      67C       0
                text44                              45C      45C        8      8B8       0
                text43                              375      375       12      67C       0
                text42                              3A6      3A6        F      67C       0
                text41                              3DF      3DF        E      67C       0
                text40                              414      414        D      67C       0
                text39                              3D1      3D1        E      67C       0
                text38                              490      490        4      8B8       0
                text37                              2C7      2C7       1E        8       0
                text36                              27B      27B       2D        8       0
                text35                              1D4      1D4       40        8       0
                text34                              49E      49E        1      936       0
                text33                              407      407        D      67C       0
                text32                              49D      49D        1      936       0
                text31                              3FA      3FA        D      67C       0
                text30                              49C      49C        1      936       0
                text29                              3ED      3ED        D      67C       0
                text28                              363      363       12      67C       0
                text27                              49B      49B        1      936       0
                text26                              42D      42D        B      67C       0
                text25                              33E      33E       13      67C       0
                text24                              483      483        5      8B8       0
                text22                              24B      24B       30        8       0
                text21                              397      397        F      67C       0
                text20                              44B      44B        9      67C       0
                text19                              2FE      2FE       17        8       0
                text18                              387      387       10      67C       0
                text17                              3C3      3C3        E      67C       0
                text16                              2A8      2A8       1F        8       0
                text15                              315      315       15        8       0
                text14                               52       52       C9        8       0
                text13                              442      442        9      67C       0
                text12                              464      464        7      8B8       0
                text11                              47D      47D        6      8B8       0
                text10                              477      477        6      8B8       0
                text9                               471      471        6      8B8       0
                text8                               214      214       37        8       0
                text7                               46B      46B        6      8B8       0
                text6                               351      351       12      67C       0
                text5                               48C      48C        4      8B8       0
                text4                               17D      17D       57        8       0
                text3                               488      488        4      8B8       0
                text2                               3B5      3B5        E      67C       0
                text1                               2E5      2E5       19        8       0
                maintext                            11B      11B       62        8       0
                cstackBANK0                          20       20       16       20       1
                cstackCOMMON                         70       70        D       70       1
                clrtext                             421      421        C      67C       0
                dataBANK0                            46       46        3       20       1
                bssBANK0                             3E       3E        8       20       1
                bssCOMMON                            7D       7D        1       70       1
                nvBANK0                              36       36        8       20       1
                stringtext3                         49A      49A        1      934       0
                stringtext2                         454      454        8      8A8       0
                stringtext1                         32A      32A       14      654       0
                idataBANK0                          494      494        3      8B8       0

TOTAL           Name                               Link     Load   Length     Space
        CLASS   STACK          

        CLASS   CODE           
                end_init                             2D       2D        2         0
                cinit                                2F       2F       23         0
                intentry                              4        4       29         0
                reset_vec                             0        0        2         0
                text46                              497      497        3         0
                text45                              438      438        A         0
                text44                              45C      45C        8         0
                text43                              375      375       12         0
                text42                              3A6      3A6        F         0
                text41                              3DF      3DF        E         0
                text40                              414      414        D         0
                text39                              3D1      3D1        E         0
                text38                              490      490        4         0
                text37                              2C7      2C7       1E         0
                text36                              27B      27B       2D         0
                text35                              1D4      1D4       40         0
                text34                              49E      49E        1         0
                text33                              407      407        D         0
                text32                              49D      49D        1         0
                text31                              3FA      3FA        D         0
                text30                              49C      49C        1         0
                text29                              3ED      3ED        D         0
                text28                              363      363       12         0
                text27                              49B      49B        1         0
                text26                              42D      42D        B         0
                text25                              33E      33E       13         0
                text24                              483      483        5         0
                text22                              24B      24B       30         0
                text21                              397      397        F         0
                text20                              44B      44B        9         0
                text19                              2FE      2FE       17         0
                text18                              387      387       10         0
                text17                              3C3      3C3        E         0
                text16                              2A8      2A8       1F         0
                text15                              315      315       15         0
                text14                               52       52       C9         0
                text13                              442      442        9         0
                text12                              464      464        7         0
                text11                              47D      47D        6         0
                text10                              477      477        6         0
                text9                               471      471        6         0
                text8                               214      214       37         0
                text7                               46B      46B        6         0
                text6                               351      351       12         0
                text5                               48C      48C        4         0
                text4                               17D      17D       57         0
                text3                               488      488        4         0
                text2                               3B5      3B5        E         0
                text1                               2E5      2E5       19         0
                maintext                            11B      11B       62         0
                clrtext                             421      421        C         0
                idataBANK0                          494      494        3         0

        CLASS   STRCODE        
                stringtext3                         49A      49A        1         0
                stringtext2                         454      454        8         0
                stringtext1                         32A      32A       14         0

        CLASS   STRING         

        CLASS   CONST          

        CLASS   ENTRY          

        CLASS   COMMON         
                cstackCOMMON                         70       70        D         1
                bssCOMMON                            7D       7D        1         1

        CLASS   BANK0          
                cstackBANK0                          20       20       16         1
                dataBANK0                            46       46        3         1
                bssBANK0                             3E       3E        8         1
                nvBANK0                              36       36        8         1

        CLASS   BANK1          

        CLASS   BANK2          

        CLASS   BANK3          

        CLASS   BANK4          

        CLASS   BIGRAM         

        CLASS   RAM            

        CLASS   ABS1           
                abs_s1                               7E       7E        2         1
                abs_s1                               C0       C0       30         1
                abs_s1                              120      120       50         1
                abs_s1                              1A0      1A0       50         1
                abs_s1                              220      220       30         1
                abs_s1                             2070     2070        0         1

        CLASS   SFR0           

        CLASS   SFR1           

        CLASS   SFR2           

        CLASS   SFR3           

        CLASS   SFR4           

        CLASS   SFR5           

        CLASS   SFR6           

        CLASS   SFR7           

        CLASS   SFR8           

        CLASS   SFR9           

        CLASS   SFR10          

        CLASS   SFR11          

        CLASS   SFR12          

        CLASS   SFR13          

        CLASS   SFR14          

        CLASS   SFR15          

        CLASS   SFR16          

        CLASS   SFR17          

        CLASS   SFR18          

        CLASS   SFR19          

        CLASS   SFR20          

        CLASS   SFR21          

        CLASS   SFR22          

        CLASS   SFR23          

        CLASS   SFR24          

        CLASS   SFR25          

        CLASS   SFR26          

        CLASS   SFR27          

        CLASS   SFR28          

        CLASS   SFR29          

        CLASS   SFR30          

        CLASS   SFR31          

        CLASS   CONFIG         
                config                             8007     8007        2         0

        CLASS   IDLOC          

        CLASS   EEDATA         

        CLASS   BANK31         

        CLASS   BANK30         

        CLASS   BANK29         

        CLASS   BANK28         

        CLASS   BANK27         

        CLASS   BANK26         

        CLASS   BANK25         

        CLASS   BANK24         

        CLASS   BANK23         

        CLASS   BANK22         

        CLASS   BANK21         

        CLASS   BANK20         

        CLASS   BANK19         

        CLASS   BANK18         

        CLASS   BANK17         

        CLASS   BANK16         

        CLASS   BANK15         

        CLASS   BANK14         

        CLASS   BANK13         

        CLASS   BANK12         

        CLASS   BANK11         

        CLASS   BANK10         

        CLASS   BANK9          

        CLASS   BANK8          

        CLASS   BANK7          

        CLASS   BANK6          

        CLASS   BANK5          



SEGMENTS        Name                           Load    Length   Top    Selector   Space  Class     Delta

                reset_vec                      000000  000002  000002         0       0  CODE        2
                intentry                       000004  000326  00032A         8       0  CODE        2
                cstackBANK0                    000020  000029  000049        20       1  BANK0       1
                cstackCOMMON                   000070  00000E  00007E        70       1  COMMON      1
                stringtext1                    00032A  000014  00033E       654       0  STRCODE     2
                text25                         00033E  000116  000454       67C       0  CODE        2
                stringtext2                    000454  000008  00045C       8A8       0  STRCODE     2
                text44                         00045C  00003E  00049A       8B8       0  CODE        2
                stringtext3                    00049A  000001  00049B       934       0  STRCODE     2
                text27                         00049B  000004  00049F       936       0  CODE        2
                config                         008007  000002  008009     1000E       0  CONFIG      2


UNUSED ADDRESS RANGES

        Name                Unused          Largest block    Delta
        BANK0            00049-0006F              27           1
        BANK1            000A0-000BF              20           1
        BIGRAM           02000-0216F             170           1
        CODE             00002-00003               2           2
                         0049F-00FFF             361
        CONST            00002-00003               2           2
                         0049F-00FFF             100
        EEDATA           0F000-0F0FF             100           2
        ENTRY            00002-00003               2           2
                         0049F-00FFF             100
        IDLOC            08000-08003               4           2
        RAM              00049-0006F              27           1
                         000A0-000BF              20
        SFR0             00000-0001F              20           1
        SFR1             00080-0009F              20           1
        SFR10            00500-0056F              70           1
        SFR11            00580-005EF              70           1
        SFR12            00600-0066F              70           1
        SFR13            00680-006EF              70           1
        SFR14            00700-0076F              70           1
        SFR15            00780-007EF              70           1
        SFR16            00800-0086F              70           1
        SFR17            00880-008EF              70           1
        SFR18            00900-0096F              70           1
        SFR19            00980-009EF              70           1
        SFR2             00100-0011F              20           1
        SFR20            00A00-00A6F              70           1
        SFR21            00A80-00AEF              70           1
        SFR22            00B00-00B6F              70           1
        SFR23            00B80-00BEF              70           1
        SFR24            00C00-00C6F              70           1
        SFR25            00C80-00CEF              70           1
        SFR26            00D00-00D6F              70           1
        SFR27            00D80-00DEF              70           1
        SFR28            00E00-00E6F              70           1
        SFR29            00E80-00EEF              70           1
        SFR3             00180-0019F              20           1
        SFR30            00F00-00F6F              70           1
        SFR31            00F80-00FEF              70           1
        SFR4             00200-0021F              20           1
        SFR5             00280-002EF              70           1
        SFR6             00300-0036F              70           1
        SFR7             00380-003EF              70           1
        SFR8             00400-0046F              70           1
        SFR9             00480-004EF              70           1
        STACK            02029-0206F              47           1
        STRCODE          00002-00003               2           2
                         0049F-00FFF             B61
        STRING           00002-00003               2           2
                         0049F-00FFF             100

                                  Symbol Table

Delay_Xms@delay                             cstackBANK0  00023
Delay_Xms@i                                 cstackBANK0  00028
IOCBF0_SetInterruptHandler@InterruptHandler cstackBANK0  00023
IOCBF3_SetInterruptHandler@InterruptHandler cstackBANK0  00023
IOCBF5_SetInterruptHandler@InterruptHandler cstackBANK0  00023
IRQ0_ISR@Data1                              cstackBANK0  00022
MRF89XA_ExchangeConfig_A@Address            cstackBANK0  00029
MRF89XA_ExchangeConfig_A@Data               cstackBANK0  00027
MRF89XA_ExchangeConfig_A@ret                cstackBANK0  0002A
MRF89XA_ExchangeFifo@Data                   cstackCOMMON 00074
MRF89XA_ExchangeFifo@ret                    cstackCOMMON 00075
MRF89XA_GetAddress@Address                  cstackBANK0  00025
MRF89XA_GetAddress@Read                     cstackBANK0  00023
MRF89XA_GetAddress@ret                      cstackBANK0  00026
MRF89XA_Initialize@Address                  cstackBANK0  00034
MRF89XA_Initialize@Mode                     cstackBANK0  00031
MRF89XA_Initialize@Modulation               cstackBANK0  00032
MRF89XA_IsFifoEmpty@reg                     cstackCOMMON 0007B
MRF89XA_ReadConfig@Address                  cstackCOMMON 00079
MRF89XA_SPI_ExchangeByte@byte               cstackBANK0  00025
MRF89XA_SetMode@Mode                        cstackBANK0  00030
MRF89XA_SetMode@mask                        cstackBANK0  0002F
MRF89XA_SetModulation@Modulation            cstackBANK0  0002F
MRF89XA_SetModulation@mask                  cstackBANK0  00030
MRF89XA_WriteConfig@Address                 cstackBANK0  0002D
MRF89XA_WriteConfig@Data                    cstackBANK0  0002B
ReadFifo@res                                cstackCOMMON 00078
TMR2_ISR@CountCallBack                      bssBANK0     00040
TMR2_SetInterruptHandler@InterruptHandler   cstackBANK0  00023
_ADCON0                                     (abs)        0009D
_ADCON0bits                                 (abs)        0009D
_ADCON1                                     (abs)        0009E
_ADC_ISR                                    text46       00497
_ADC_Initialize                             text13       00442
_ADRESH                                     (abs)        0009C
_ADRESL                                     (abs)        0009B
_ANSELA                                     (abs)        0018C
_ANSELB                                     (abs)        0018D
_APFCON0                                    (abs)        0011D
_APFCON1                                    (abs)        0011E
_BORCON                                     (abs)        00116
_Delay_Xms                                  text22       0024B
_EEADRH                                     (abs)        00192
_EEADRL                                     (abs)        00191
_EECON1bits                                 (abs)        00195
_EECON2                                     (abs)        00196
_EEDATH                                     (abs)        00194
_EEDATL                                     (abs)        00193
_INTCONbits                                 (abs)        0000B
_INTERRUPT_InterruptManager                 intentry     00004
_IOCBF0_DefaultInterruptHandler             text34       0049E
_IOCBF0_ISR                                 text33       00407
_IOCBF0_InterruptHandler                    nvBANK0      0003A
_IOCBF0_SetInterruptHandler                 text11       0047D
_IOCBF3_DefaultInterruptHandler             text32       0049D
_IOCBF3_ISR                                 text31       003FA
_IOCBF3_InterruptHandler                    nvBANK0      00038
_IOCBF3_SetInterruptHandler                 text10       00477
_IOCBF5_DefaultInterruptHandler             text30       0049C
_IOCBF5_ISR                                 text29       003ED
_IOCBF5_InterruptHandler                    nvBANK0      00036
_IOCBF5_SetInterruptHandler                 text9        00471
_IOCBFbits                                  (abs)        00396
_IOCBNbits                                  (abs)        00395
_IOCBPbits                                  (abs)        00394
_IRQ0_ISR                                   text35       001D4
_LATA                                       (abs)        0010C
_LATAbits                                   (abs)        0010C
_LATB                                       (abs)        0010D
_LedState                                   bssBANK0     00044
_MASTER_open                                text3        00488
_MRF89XA_ExchangeConfig_A                   text19       002FE
_MRF89XA_ExchangeFifo                       text39       003D1
_MRF89XA_GetAddress                         text18       00387
_MRF89XA_Initialize                         text14       00052
_MRF89XA_IsFifoEmpty                        text40       00414
_MRF89XA_ReadConfig                         text41       003DF
_MRF89XA_ReadFifo                           text38       00490
_MRF89XA_SPI_ExchangeByte                   text20       0044B
_MRF89XA_SetMode                            text16       002A8
_MRF89XA_SetModulation                      text15       00315
_MRF89XA_WriteConfig                        text17       003C3
_OPTION_REGbits                             (abs)        00095
_OSCCON                                     (abs)        00099
_OSCILLATOR_Initialize                      text12       00464
_OSCTUNE                                    (abs)        00098
_PIE1bits                                   (abs)        00091
_PIN_MANAGER_IOC                            text28       00363
_PIN_MANAGER_Initialize                     text8        00214
_PIR1bits                                   (abs)        00011
_PORTBbits                                  (abs)        0000D
_PR2                                        (abs)        0001B
_ReadFifo                                   text37       002C7
_SSP1ADD                                    (abs)        00212
_SSP1BUF                                    (abs)        00211
_SSP1CON1                                   (abs)        00215
_SSP1CON1bits                               (abs)        00215
_SSP1CON2                                   (abs)        00216
_SSP1STAT                                   (abs)        00214
_SYSTEM_Initialize                          text1        002E5
_T2CON                                      (abs)        0001C
_T2CONbits                                  (abs)        0001C
_TMR2                                       (abs)        0001A
_TMR2_CallBack                              text26       0042D
_TMR2_DefaultInterruptHandler               text27       0049B
_TMR2_ISR                                   text25       0033E
_TMR2_Initialize                            text6        00351
_TMR2_InterruptHandler                      nvBANK0      0003C
_TMR2_SetInterruptHandler                   text7        0046B
_TRISA                                      (abs)        0008C
_TRISB                                      (abs)        0008D
_TRISBbits                                  (abs)        0008D
_WDTCON                                     (abs)        00097
_WDT_Initialize                             text5        0048C
_WPUA                                       (abs)        0020C
_WPUB                                       (abs)        0020D
__CFG_BOREN$ON                              (abs)        00000
__CFG_BORV$LO                               (abs)        00000
__CFG_CLKOUTEN$OFF                          (abs)        00000
__CFG_CP$OFF                                (abs)        00000
__CFG_CPD$OFF                               (abs)        00000
__CFG_FCMEN$ON                              (abs)        00000
__CFG_FOSC$INTOSC                           (abs)        00000
__CFG_IESO$ON                               (abs)        00000
__CFG_LVP$ON                                (abs)        00000
__CFG_MCLRE$ON                              (abs)        00000
__CFG_PLLEN$OFF                             (abs)        00000
__CFG_PWRTE$OFF                             (abs)        00000
__CFG_STVREN$ON                             (abs)        00000
__CFG_WDTE$OFF                              (abs)        00000
__CFG_WRT$OFF                               (abs)        00000
__Habs1                                     abs1         00000
__Hbank0                                    bank0        00000
__Hbank1                                    bank1        00000
__Hbank10                                   bank10       00000
__Hbank11                                   bank11       00000
__Hbank12                                   bank12       00000
__Hbank13                                   bank13       00000
__Hbank14                                   bank14       00000
__Hbank15                                   bank15       00000
__Hbank16                                   bank16       00000
__Hbank17                                   bank17       00000
__Hbank18                                   bank18       00000
__Hbank19                                   bank19       00000
__Hbank2                                    bank2        00000
__Hbank20                                   bank20       00000
__Hbank21                                   bank21       00000
__Hbank22                                   bank22       00000
__Hbank23                                   bank23       00000
__Hbank24                                   bank24       00000
__Hbank25                                   bank25       00000
__Hbank26                                   bank26       00000
__Hbank27                                   bank27       00000
__Hbank28                                   bank28       00000
__Hbank29                                   bank29       00000
__Hbank3                                    bank3        00000
__Hbank30                                   bank30       00000
__Hbank31                                   bank31       00000
__Hbank4                                    bank4        00000
__Hbank5                                    bank5        00000
__Hbank6                                    bank6        00000
__Hbank7                                    bank7        00000
__Hbank8                                    bank8        00000
__Hbank9                                    bank9        00000
__Hbigram                                   bigram       00000
__HbssBANK0                                 bssBANK0     00000
__HbssCOMMON                                bssCOMMON    00000
__Hcinit                                    cinit        00052
__Hclrtext                                  clrtext      00000
__Hcode                                     code         00000
__Hcommon                                   common       00000
__Hconfig                                   config       08009
__HcstackBANK0                              cstackBANK0  00000
__HcstackCOMMON                             cstackCOMMON 00000
__HdataBANK0                                dataBANK0    00000
__Heeprom_data                              eeprom_data  00000
__Hend_init                                 end_init     0002F
__Hfunctab                                  functab      00000
__HidataBANK0                               idataBANK0   00000
__Hidloc                                    idloc        00000
__Hinit                                     init         0002D
__Hintentry                                 intentry     0002D
__Hmaintext                                 maintext     00000
__HnvBANK0                                  nvBANK0      00000
__Hpowerup                                  powerup      00000
__Hram                                      ram          00000
__Hreset_vec                                reset_vec    00002
__Hsfr0                                     sfr0         00000
__Hsfr1                                     sfr1         00000
__Hsfr10                                    sfr10        00000
__Hsfr11                                    sfr11        00000
__Hsfr12                                    sfr12        00000
__Hsfr13                                    sfr13        00000
__Hsfr14                                    sfr14        00000
__Hsfr15                                    sfr15        00000
__Hsfr16                                    sfr16        00000
__Hsfr17                                    sfr17        00000
__Hsfr18                                    sfr18        00000
__Hsfr19                                    sfr19        00000
__Hsfr2                                     sfr2         00000
__Hsfr20                                    sfr20        00000
__Hsfr21                                    sfr21        00000
__Hsfr22                                    sfr22        00000
__Hsfr23                                    sfr23        00000
__Hsfr24                                    sfr24        00000
__Hsfr25                                    sfr25        00000
__Hsfr26                                    sfr26        00000
__Hsfr27                                    sfr27        00000
__Hsfr28                                    sfr28        00000
__Hsfr29                                    sfr29        00000
__Hsfr3                                     sfr3         00000
__Hsfr30                                    sfr30        00000
__Hsfr31                                    sfr31        00000
__Hsfr4                                     sfr4         00000
__Hsfr5                                     sfr5         00000
__Hsfr6                                     sfr6         00000
__Hsfr7                                     sfr7         00000
__Hsfr8                                     sfr8         00000
__Hsfr9                                     sfr9         00000
__Hspace_0                                  (abs)        08009
__Hspace_1                                  (abs)        0007E
__Hspace_2                                  (abs)        00000
__Hspace_3                                  (abs)        00000
__Hstack                                    stack        00000
__Hstrings                                  strings      00000
__Hstringtext1                              stringtext1  00000
__Hstringtext2                              stringtext2  00000
__Hstringtext3                              stringtext3  00000
__Htext                                     text         00000
__Labs1                                     abs1         00000
__Lbank0                                    bank0        00000
__Lbank1                                    bank1        00000
__Lbank10                                   bank10       00000
__Lbank11                                   bank11       00000
__Lbank12                                   bank12       00000
__Lbank13                                   bank13       00000
__Lbank14                                   bank14       00000
__Lbank15                                   bank15       00000
__Lbank16                                   bank16       00000
__Lbank17                                   bank17       00000
__Lbank18                                   bank18       00000
__Lbank19                                   bank19       00000
__Lbank2                                    bank2        00000
__Lbank20                                   bank20       00000
__Lbank21                                   bank21       00000
__Lbank22                                   bank22       00000
__Lbank23                                   bank23       00000
__Lbank24                                   bank24       00000
__Lbank25                                   bank25       00000
__Lbank26                                   bank26       00000
__Lbank27                                   bank27       00000
__Lbank28                                   bank28       00000
__Lbank29                                   bank29       00000
__Lbank3                                    bank3        00000
__Lbank30                                   bank30       00000
__Lbank31                                   bank31       00000
__Lbank4                                    bank4        00000
__Lbank5                                    bank5        00000
__Lbank6                                    bank6        00000
__Lbank7                                    bank7        00000
__Lbank8                                    bank8        00000
__Lbank9                                    bank9        00000
__Lbigram                                   bigram       00000
__LbssBANK0                                 bssBANK0     00000
__LbssCOMMON                                bssCOMMON    00000
__Lcinit                                    cinit        0002F
__Lclrtext                                  clrtext      00000
__Lcode                                     code         00000
__Lcommon                                   common       00000
__Lconfig                                   config       08007
__LcstackBANK0                              cstackBANK0  00000
__LcstackCOMMON                             cstackCOMMON 00000
__LdataBANK0                                dataBANK0    00000
__Leeprom_data                              eeprom_data  00000
__Lend_init                                 end_init     0002D
__Lfunctab                                  functab      00000
__LidataBANK0                               idataBANK0   00000
__Lidloc                                    idloc        00000
__Linit                                     init         0002D
__Lintentry                                 intentry     00004
__Lmaintext                                 maintext     00000
__LnvBANK0                                  nvBANK0      00000
__Lpowerup                                  powerup      00000
__Lram                                      ram          00000
__Lreset_vec                                reset_vec    00000
__Lsfr0                                     sfr0         00000
__Lsfr1                                     sfr1         00000
__Lsfr10                                    sfr10        00000
__Lsfr11                                    sfr11        00000
__Lsfr12                                    sfr12        00000
__Lsfr13                                    sfr13        00000
__Lsfr14                                    sfr14        00000
__Lsfr15                                    sfr15        00000
__Lsfr16                                    sfr16        00000
__Lsfr17                                    sfr17        00000
__Lsfr18                                    sfr18        00000
__Lsfr19                                    sfr19        00000
__Lsfr2                                     sfr2         00000
__Lsfr20                                    sfr20        00000
__Lsfr21                                    sfr21        00000
__Lsfr22                                    sfr22        00000
__Lsfr23                                    sfr23        00000
__Lsfr24                                    sfr24        00000
__Lsfr25                                    sfr25        00000
__Lsfr26                                    sfr26        00000
__Lsfr27                                    sfr27        00000
__Lsfr28                                    sfr28        00000
__Lsfr29                                    sfr29        00000
__Lsfr3                                     sfr3         00000
__Lsfr30                                    sfr30        00000
__Lsfr31                                    sfr31        00000
__Lsfr4                                     sfr4         00000
__Lsfr5                                     sfr5         00000
__Lsfr6                                     sfr6         00000
__Lsfr7                                     sfr7         00000
__Lsfr8                                     sfr8         00000
__Lsfr9                                     sfr9         00000
__Lspace_0                                  (abs)        00000
__Lspace_1                                  (abs)        00000
__Lspace_2                                  (abs)        00000
__Lspace_3                                  (abs)        00000
__Lstack                                    stack        00000
__Lstrings                                  strings      00000
__Lstringtext1                              stringtext1  00000
__Lstringtext2                              stringtext2  00000
__Lstringtext3                              stringtext3  00000
__Ltext                                     text         00000
__S0                                        (abs)        08009
__S1                                        (abs)        0007E
__S2                                        (abs)        00000
__S3                                        (abs)        00000
___int_sp                                   stack        00000
___latbits                                  (abs)        00001
___sp                                       stack        00000
___stackhi                                  (abs)        0206F
___stacklo                                  (abs)        02029
__end_of_ADC_ISR                            text46       0049A
__end_of_ADC_Initialize                     text13       0044B
__end_of_Delay_Xms                          text22       0027B
__end_of_INTERRUPT_InterruptManager         intentry     0002D
__end_of_IOCBF0_DefaultInterruptHandler     text34       0049F
__end_of_IOCBF0_ISR                         text33       00414
__end_of_IOCBF0_SetInterruptHandler         text11       00483
__end_of_IOCBF3_DefaultInterruptHandler     text32       0049E
__end_of_IOCBF3_ISR                         text31       00407
__end_of_IOCBF3_SetInterruptHandler         text10       0047D
__end_of_IOCBF5_DefaultInterruptHandler     text30       0049D
__end_of_IOCBF5_ISR                         text29       003FA
__end_of_IOCBF5_SetInterruptHandler         text9        00477
__end_of_IRQ0_ISR                           text35       00214
__end_of_MASTER_open                        text3        0048C
__end_of_MRF89XA_ExchangeConfig_A           text19       00315
__end_of_MRF89XA_ExchangeFifo               text39       003DF
__end_of_MRF89XA_GetAddress                 text18       00397
__end_of_MRF89XA_Initialize                 text14       0011B
__end_of_MRF89XA_IsFifoEmpty                text40       00421
__end_of_MRF89XA_ReadConfig                 text41       003ED
__end_of_MRF89XA_ReadFifo                   text38       00494
__end_of_MRF89XA_SPI_ExchangeByte           text20       00454
__end_of_MRF89XA_SetMode                    text16       002C7
__end_of_MRF89XA_SetModulation              text15       0032A
__end_of_MRF89XA_WriteConfig                text17       003D1
__end_of_OSCILLATOR_Initialize              text12       0046B
__end_of_PIN_MANAGER_IOC                    text28       00375
__end_of_PIN_MANAGER_Initialize             text8        0024B
__end_of_ReadFifo                           text37       002E5
__end_of_SYSTEM_Initialize                  text1        002FE
__end_of_TMR2_CallBack                      text26       00438
__end_of_TMR2_DefaultInterruptHandler       text27       0049C
__end_of_TMR2_ISR                           text25       00351
__end_of_TMR2_Initialize                    text6        00363
__end_of_TMR2_SetInterruptHandler           text7        00471
__end_of_TurnOffTimeout                     stringtext3  0049B
__end_of_WDT_Initialize                     text5        00490
__end_of__initialization                    cinit        0004E
__end_of_main                               maintext     0017D
__end_of_spi1_configuration                 stringtext2  0045C
__end_of_spi1_exchangeByte                  text21       003A6
__end_of_spi1_isr                           text24       00488
__end_of_spi1_open                          text4        001D4
__end_of_spiMaster                          stringtext1  0033E
__end_of_spi_master_open                    text2        003C3
__end_ofi1_Delay_Xms                        text36       002A8
__end_ofi1_MRF89XA_ExchangeConfig_A         text43       00387
__end_ofi1_MRF89XA_GetAddress               text42       003B5
__end_ofi1_MRF89XA_SPI_ExchangeByte         text44       00464
__end_ofi1_spi1_exchangeByte                text45       00442
__initialization                            cinit        0002F
__pbssBANK0                                 bssBANK0     0003E
__pbssBIGRAM                                (abs)        02070
__pbssCOMMON                                bssCOMMON    0007D
__pcstackBANK0                              cstackBANK0  00020
__pcstackCOMMON                             cstackCOMMON 00070
__pdataBANK0                                dataBANK0    00046
__pidataBANK0                               idataBANK0   00494
__pintentry                                 intentry     00004
__pmaintext                                 maintext     0011B
__pnvBANK0                                  nvBANK0      00036
__pstringtext1                              stringtext1  0032A
__pstringtext2                              stringtext2  00454
__pstringtext3                              stringtext3  0049A
__ptext1                                    text1        002E5
__ptext10                                   text10       00477
__ptext11                                   text11       0047D
__ptext12                                   text12       00464
__ptext13                                   text13       00442
__ptext14                                   text14       00052
__ptext15                                   text15       00315
__ptext16                                   text16       002A8
__ptext17                                   text17       003C3
__ptext18                                   text18       00387
__ptext19                                   text19       002FE
__ptext2                                    text2        003B5
__ptext20                                   text20       0044B
__ptext21                                   text21       00397
__ptext22                                   text22       0024B
__ptext24                                   text24       00483
__ptext25                                   text25       0033E
__ptext26                                   text26       0042D
__ptext27                                   text27       0049B
__ptext28                                   text28       00363
__ptext29                                   text29       003ED
__ptext3                                    text3        00488
__ptext30                                   text30       0049C
__ptext31                                   text31       003FA
__ptext32                                   text32       0049D
__ptext33                                   text33       00407
__ptext34                                   text34       0049E
__ptext35                                   text35       001D4
__ptext36                                   text36       0027B
__ptext37                                   text37       002C7
__ptext38                                   text38       00490
__ptext39                                   text39       003D1
__ptext4                                    text4        0017D
__ptext40                                   text40       00414
__ptext41                                   text41       003DF
__ptext42                                   text42       003A6
__ptext43                                   text43       00375
__ptext44                                   text44       0045C
__ptext45                                   text45       00438
__ptext46                                   text46       00497
__ptext5                                    text5        0048C
__ptext6                                    text6        00351
__ptext7                                    text7        0046B
__ptext8                                    text8        00214
__ptext9                                    text9        00471
__size_of_ADC_ISR                           (abs)        00000
__size_of_ADC_Initialize                    (abs)        00000
__size_of_Delay_Xms                         (abs)        00000
__size_of_INTERRUPT_InterruptManager        (abs)        00000
__size_of_IOCBF0_DefaultInterruptHandler    (abs)        00000
__size_of_IOCBF0_ISR                        (abs)        00000
__size_of_IOCBF0_SetInterruptHandler        (abs)        00000
__size_of_IOCBF3_DefaultInterruptHandler    (abs)        00000
__size_of_IOCBF3_ISR                        (abs)        00000
__size_of_IOCBF3_SetInterruptHandler        (abs)        00000
__size_of_IOCBF5_DefaultInterruptHandler    (abs)        00000
__size_of_IOCBF5_ISR                        (abs)        00000
__size_of_IOCBF5_SetInterruptHandler        (abs)        00000
__size_of_IRQ0_ISR                          (abs)        00000
__size_of_MASTER_open                       (abs)        00000
__size_of_MRF89XA_ExchangeConfig_A          (abs)        00000
__size_of_MRF89XA_ExchangeFifo              (abs)        00000
__size_of_MRF89XA_GetAddress                (abs)        00000
__size_of_MRF89XA_Initialize                (abs)        00000
__size_of_MRF89XA_IsFifoEmpty               (abs)        00000
__size_of_MRF89XA_ReadConfig                (abs)        00000
__size_of_MRF89XA_ReadFifo                  (abs)        00000
__size_of_MRF89XA_SPI_ExchangeByte          (abs)        00000
__size_of_MRF89XA_SetMode                   (abs)        00000
__size_of_MRF89XA_SetModulation             (abs)        00000
__size_of_MRF89XA_WriteConfig               (abs)        00000
__size_of_OSCILLATOR_Initialize             (abs)        00000
__size_of_PIN_MANAGER_IOC                   (abs)        00000
__size_of_PIN_MANAGER_Initialize            (abs)        00000
__size_of_ReadFifo                          (abs)        00000
__size_of_SYSTEM_Initialize                 (abs)        00000
__size_of_TMR2_CallBack                     (abs)        00000
__size_of_TMR2_DefaultInterruptHandler      (abs)        00000
__size_of_TMR2_ISR                          (abs)        00000
__size_of_TMR2_Initialize                   (abs)        00000
__size_of_TMR2_SetInterruptHandler          (abs)        00000
__size_of_WDT_Initialize                    (abs)        00000
__size_of_main                              (abs)        00000
__size_of_spi1_exchangeByte                 (abs)        00000
__size_of_spi1_isr                          (abs)        00000
__size_of_spi1_open                         (abs)        00000
__size_of_spi_master_open                   (abs)        00000
__size_ofi1_Delay_Xms                       (abs)        00000
__size_ofi1_MRF89XA_ExchangeConfig_A        (abs)        00000
__size_ofi1_MRF89XA_GetAddress              (abs)        00000
__size_ofi1_MRF89XA_SPI_ExchangeByte        (abs)        00000
__size_ofi1_spi1_exchangeByte               (abs)        00000
_main                                       maintext     0011B
_rxB                                        (abs)        02070
_rxC                                        bssCOMMON    0007D
_spi1_close                                 (abs)        00000
_spi1_configuration                         stringtext2  00454
_spi1_exchangeBlock                         (abs)        00000
_spi1_exchangeByte                          text21       00397
_spi1_exchangeByte$intlevel0                text21       0039B
_spi1_interruptHandler                      bssBANK0     0003E
_spi1_isr                                   text24       00483
_spi1_open                                  text4        0017D
_spi1_readBlock                             (abs)        00000
_spi1_readByte                              (abs)        00000
_spi1_setSpiISR                             (abs)        00000
_spi1_writeBlock                            (abs)        00000
_spi1_writeByte                             (abs)        00000
_spi_master_open                            text2        003B5
btemp                                       (abs)        0007E
clear_ram0                                  clrtext      00421
end_of_initialization                       cinit        0004E
i1Delay_Xms@delay                           cstackCOMMON 00070
i1Delay_Xms@i                               cstackCOMMON 00075
i1MRF89XA_ExchangeConfig_A@Address          cstackCOMMON 00076
i1MRF89XA_ExchangeConfig_A@Data             cstackCOMMON 00074
i1MRF89XA_ExchangeConfig_A@ret              cstackCOMMON 00077
i1MRF89XA_GetAddress@Address                cstackCOMMON 00072
i1MRF89XA_GetAddress@Read                   cstackCOMMON 00070
i1MRF89XA_GetAddress@ret                    cstackCOMMON 00073
i1MRF89XA_SPI_ExchangeByte@byte             cstackCOMMON 00072
i1_Delay_Xms                                text36       0027B
i1_MRF89XA_ExchangeConfig_A                 text43       00375
i1_MRF89XA_GetAddress                       text42       003A6
i1_MRF89XA_SPI_ExchangeByte                 text44       0045C
i1_spi1_exchangeByte                        text45       00438
i1spi1_exchangeByte@b                       cstackCOMMON 00070
int$flags                                   (abs)        0007E
intlevel0                                   functab      00000
intlevel1                                   functab      00000
intlevel2                                   functab      00000
intlevel3                                   functab      00000
intlevel4                                   functab      00000
intlevel5                                   functab      00000
reset_vec                                   reset_vec    00000
spi1_exchangeByte@b                         cstackBANK0  00023
spi1_open@spiUniqueConfiguration            cstackBANK0  00026
spi_master_open@config                      cstackBANK0  00027
start                                       init         0002D
start_initialization                        cinit        0002F
wtemp0                                      (abs)        0007E


FUNCTION INFORMATION:

 *************** function _main *****************
 Defined at:
		line 173 in file "main.c"
 Parameters:    Size  Location     Type
		None
 Auto vars:     Size  Location     Type
		None
 Return value:  Size  Location     Type
                  1    wreg      void 
 Registers used:
		wreg, fsr0l, fsr0h, status,2, status,0, pclath, cstack
 Tracked objects:
		On entry : 
		On exit  : 
		Unchanged: 
 Data sizes:     COMMON   BANK0   BANK1   BANK2   BANK3   BANK4
      Params:         0       0       0       0       0       0
      Locals:         0       0       0       0       0       0
      Temps:          0       1       0       0       0       0
      Totals:         0       1       0       0       0       0
Total ram usage:        1 bytes
 Hardware stack levels required when called:   15
 This function calls:
		_Delay_Xms
		_IOCBF0_SetInterruptHandler
		_MRF89XA_Initialize
		_SYSTEM_Initialize
 This function is called by:
		Startup code after reset
 This function uses a non-reentrant model


 *************** function _SYSTEM_Initialize *****************
 Defined at:
		line 50 in file "mcc_generated_files/mcc.c"
 Parameters:    Size  Location     Type
		None
 Auto vars:     Size  Location     Type
		None
 Return value:  Size  Location     Type
                  1    wreg      void 
 Registers used:
		wreg, fsr0l, fsr0h, status,2, status,0, pclath, cstack
 Tracked objects:
		On entry : 
		On exit  : 
		Unchanged: 
 Data sizes:     COMMON   BANK0   BANK1   BANK2   BANK3   BANK4
      Params:         0       0       0       0       0       0
      Locals:         0       0       0       0       0       0
      Temps:          0       0       0       0       0       0
      Totals:         0       0       0       0       0       0
Total ram usage:        0 bytes
 Hardware stack levels used:    1
 Hardware stack levels required when called:   12
 This function calls:
		_ADC_Initialize
		_OSCILLATOR_Initialize
		_PIN_MANAGER_Initialize
		_TMR2_Initialize
		_WDT_Initialize
		_spi_master_open
 This function is called by:
		_main
 This function uses a non-reentrant model


 *************** function _spi_master_open *****************
 Defined at:
		line 40 in file "mcc_generated_files/drivers/spi_master.c"
 Parameters:    Size  Location     Type
  config          1    wreg     enum E122
 Auto vars:     Size  Location     Type
  config          1    7[BANK0 ] enum E122
 Return value:  Size  Location     Type
                  1    wreg      unsigned char 
 Registers used:
		wreg, fsr0l, fsr0h, status,2, status,0, pclath, cstack
 Tracked objects:
		On entry : 
		On exit  : 
		Unchanged: 
 Data sizes:     COMMON   BANK0   BANK1   BANK2   BANK3   BANK4
      Params:         0       0       0       0       0       0
      Locals:         0       1       0       0       0       0
      Temps:          0       0       0       0       0       0
      Totals:         0       1       0       0       0       0
Total ram usage:        1 bytes
 Hardware stack levels used:    1
 Hardware stack levels required when called:   11
 This function calls:
		_MASTER_open
 This function is called by:
		_SYSTEM_Initialize
 This function uses a non-reentrant model


 *************** function _MASTER_open *****************
 Defined at:
		line 35 in file "mcc_generated_files/drivers/spi_master.c"
 Parameters:    Size  Location     Type
		None
 Auto vars:     Size  Location     Type
		None
 Return value:  Size  Location     Type
                  1    wreg      unsigned char 
 Registers used:
		wreg, fsr0l, fsr0h, status,2, status,0, pclath, cstack
 Tracked objects:
		On entry : 
		On exit  : 
		Unchanged: 
 Data sizes:     COMMON   BANK0   BANK1   BANK2   BANK3   BANK4
      Params:         0       0       0       0       0       0
      Locals:         0       0       0       0       0       0
      Temps:          0       0       0       0       0       0
      Totals:         0       0       0       0       0       0
Total ram usage:        0 bytes
 Hardware stack levels used:    1
 Hardware stack levels required when called:   10
 This function calls:
		_spi1_open
 This function is called by:
		_spi_master_open
 This function uses a non-reentrant model


 *************** function _spi1_open *****************
 Defined at:
		line 46 in file "mcc_generated_files/spi1_driver.c"
 Parameters:    Size  Location     Type
  spiUniqueCon    1    wreg     enum E2388
 Auto vars:     Size  Location     Type
  spiUniqueCon    1    6[BANK0 ] enum E2388
 Return value:  Size  Location     Type
                  1    wreg      unsigned char 
 Registers used:
		wreg, fsr0l, fsr0h, status,2, status,0, pclath
 Tracked objects:
		On entry : 
		On exit  : 
		Unchanged: 
 Data sizes:     COMMON   BANK0   BANK1   BANK2   BANK3   BANK4
      Params:         0       0       0       0       0       0
      Locals:         0       1       0       0       0       0
      Temps:          0       3       0       0       0       0
      Totals:         0       4       0       0       0       0
Total ram usage:        4 bytes
 Hardware stack levels used:    1
 Hardware stack levels required when called:    9
 This function calls:
		Nothing
 This function is called by:
		_MASTER_open
 This function uses a non-reentrant model


 *************** function _WDT_Initialize *****************
 Defined at:
		line 73 in file "mcc_generated_files/mcc.c"
 Parameters:    Size  Location     Type
		None
 Auto vars:     Size  Location     Type
		None
 Return value:  Size  Location     Type
                  1    wreg      void 
 Registers used:
		wreg
 Tracked objects:
		On entry : 
		On exit  : 
		Unchanged: 
 Data sizes:     COMMON   BANK0   BANK1   BANK2   BANK3   BANK4
      Params:         0       0       0       0       0       0
      Locals:         0       0       0       0       0       0
      Temps:          0       0       0       0       0       0
      Totals:         0       0       0       0       0       0
Total ram usage:        0 bytes
 Hardware stack levels used:    1
 Hardware stack levels required when called:    9
 This function calls:
		Nothing
 This function is called by:
		_SYSTEM_Initialize
 This function uses a non-reentrant model


 *************** function _TMR2_Initialize *****************
 Defined at:
		line 64 in file "mcc_generated_files/tmr2.c"
 Parameters:    Size  Location     Type
		None
 Auto vars:     Size  Location     Type
		None
 Return value:  Size  Location     Type
                  1    wreg      void 
 Registers used:
		wreg, status,2, status,0, pclath, cstack
 Tracked objects:
		On entry : 
		On exit  : 
		Unchanged: 
 Data sizes:     COMMON   BANK0   BANK1   BANK2   BANK3   BANK4
      Params:         0       0       0       0       0       0
      Locals:         0       0       0       0       0       0
      Temps:          0       0       0       0       0       0
      Totals:         0       0       0       0       0       0
Total ram usage:        0 bytes
 Hardware stack levels used:    1
 Hardware stack levels required when called:   10
 This function calls:
		_TMR2_SetInterruptHandler
 This function is called by:
		_SYSTEM_Initialize
 This function uses a non-reentrant model


 *************** function _TMR2_SetInterruptHandler *****************
 Defined at:
		line 147 in file "mcc_generated_files/tmr2.c"
 Parameters:    Size  Location     Type
  InterruptHan    2    3[BANK0 ] PTR FTN()void 
		 -> TMR2_DefaultInterruptHandler(1), 
 Auto vars:     Size  Location     Type
		None
 Return value:  Size  Location     Type
                  1    wreg      void 
 Registers used:
		wreg
 Tracked objects:
		On entry : 
		On exit  : 
		Unchanged: 
 Data sizes:     COMMON   BANK0   BANK1   BANK2   BANK3   BANK4
      Params:         0       2       0       0       0       0
      Locals:         0       0       0       0       0       0
      Temps:          0       0       0       0       0       0
      Totals:         0       2       0       0       0       0
Total ram usage:        2 bytes
 Hardware stack levels used:    1
 Hardware stack levels required when called:    9
 This function calls:
		Nothing
 This function is called by:
		_TMR2_Initialize
 This function uses a non-reentrant model


 *************** function _PIN_MANAGER_Initialize *****************
 Defined at:
		line 59 in file "mcc_generated_files/pin_manager.c"
 Parameters:    Size  Location     Type
		None
 Auto vars:     Size  Location     Type
		None
 Return value:  Size  Location     Type
                  1    wreg      void 
 Registers used:
		wreg, status,2, status,0, pclath, cstack
 Tracked objects:
		On entry : 
		On exit  : 
		Unchanged: 
 Data sizes:     COMMON   BANK0   BANK1   BANK2   BANK3   BANK4
      Params:         0       0       0       0       0       0
      Locals:         0       0       0       0       0       0
      Temps:          0       0       0       0       0       0
      Totals:         0       0       0       0       0       0
Total ram usage:        0 bytes
 Hardware stack levels used:    1
 Hardware stack levels required when called:   10
 This function calls:
		_IOCBF0_SetInterruptHandler
		_IOCBF3_SetInterruptHandler
		_IOCBF5_SetInterruptHandler
 This function is called by:
		_SYSTEM_Initialize
 This function uses a non-reentrant model


 *************** function _IOCBF5_SetInterruptHandler *****************
 Defined at:
		line 225 in file "mcc_generated_files/pin_manager.c"
 Parameters:    Size  Location     Type
  InterruptHan    2    3[BANK0 ] PTR FTN()void 
		 -> IOCBF5_DefaultInterruptHandler(1), 
 Auto vars:     Size  Location     Type
		None
 Return value:  Size  Location     Type
                  1    wreg      void 
 Registers used:
		wreg
 Tracked objects:
		On entry : 
		On exit  : 
		Unchanged: 
 Data sizes:     COMMON   BANK0   BANK1   BANK2   BANK3   BANK4
      Params:         0       2       0       0       0       0
      Locals:         0       0       0       0       0       0
      Temps:          0       0       0       0       0       0
      Totals:         0       2       0       0       0       0
Total ram usage:        2 bytes
 Hardware stack levels used:    1
 Hardware stack levels required when called:    9
 This function calls:
		Nothing
 This function is called by:
		_PIN_MANAGER_Initialize
 This function uses a non-reentrant model


 *************** function _IOCBF3_SetInterruptHandler *****************
 Defined at:
		line 195 in file "mcc_generated_files/pin_manager.c"
 Parameters:    Size  Location     Type
  InterruptHan    2    3[BANK0 ] PTR FTN()void 
		 -> IOCBF3_DefaultInterruptHandler(1), 
 Auto vars:     Size  Location     Type
		None
 Return value:  Size  Location     Type
                  1    wreg      void 
 Registers used:
		wreg
 Tracked objects:
		On entry : 
		On exit  : 
		Unchanged: 
 Data sizes:     COMMON   BANK0   BANK1   BANK2   BANK3   BANK4
      Params:         0       2       0       0       0       0
      Locals:         0       0       0       0       0       0
      Temps:          0       0       0       0       0       0
      Totals:         0       2       0       0       0       0
Total ram usage:        2 bytes
 Hardware stack levels used:    1
 Hardware stack levels required when called:    9
 This function calls:
		Nothing
 This function is called by:
		_PIN_MANAGER_Initialize
 This function uses a non-reentrant model


 *************** function _IOCBF0_SetInterruptHandler *****************
 Defined at:
		line 165 in file "mcc_generated_files/pin_manager.c"
 Parameters:    Size  Location     Type
  InterruptHan    2    3[BANK0 ] PTR FTN()void 
		 -> IRQ0_ISR(1), IOCBF0_DefaultInterruptHandler(1), 
 Auto vars:     Size  Location     Type
		None
 Return value:  Size  Location     Type
                  1    wreg      void 
 Registers used:
		wreg
 Tracked objects:
		On entry : 
		On exit  : 
		Unchanged: 
 Data sizes:     COMMON   BANK0   BANK1   BANK2   BANK3   BANK4
      Params:         0       2       0       0       0       0
      Locals:         0       0       0       0       0       0
      Temps:          0       0       0       0       0       0
      Totals:         0       2       0       0       0       0
Total ram usage:        2 bytes
 Hardware stack levels used:    1
 Hardware stack levels required when called:    9
 This function calls:
		Nothing
 This function is called by:
		_PIN_MANAGER_Initialize
		_main
 This function uses a non-reentrant model


 *************** function _OSCILLATOR_Initialize *****************
 Defined at:
		line 63 in file "mcc_generated_files/mcc.c"
 Parameters:    Size  Location     Type
		None
 Auto vars:     Size  Location     Type
		None
 Return value:  Size  Location     Type
                  1    wreg      void 
 Registers used:
		wreg, status,2
 Tracked objects:
		On entry : 
		On exit  : 
		Unchanged: 
 Data sizes:     COMMON   BANK0   BANK1   BANK2   BANK3   BANK4
      Params:         0       0       0       0       0       0
      Locals:         0       0       0       0       0       0
      Temps:          0       0       0       0       0       0
      Totals:         0       0       0       0       0       0
Total ram usage:        0 bytes
 Hardware stack levels used:    1
 Hardware stack levels required when called:    9
 This function calls:
		Nothing
 This function is called by:
		_SYSTEM_Initialize
 This function uses a non-reentrant model


 *************** function _ADC_Initialize *****************
 Defined at:
		line 64 in file "mcc_generated_files/adc.c"
 Parameters:    Size  Location     Type
		None
 Auto vars:     Size  Location     Type
		None
 Return value:  Size  Location     Type
                  1    wreg      void 
 Registers used:
		wreg, status,2
 Tracked objects:
		On entry : 
		On exit  : 
		Unchanged: 
 Data sizes:     COMMON   BANK0   BANK1   BANK2   BANK3   BANK4
      Params:         0       0       0       0       0       0
      Locals:         0       0       0       0       0       0
      Temps:          0       0       0       0       0       0
      Totals:         0       0       0       0       0       0
Total ram usage:        0 bytes
 Hardware stack levels used:    1
 Hardware stack levels required when called:    9
 This function calls:
		Nothing
 This function is called by:
		_SYSTEM_Initialize
 This function uses a non-reentrant model


 *************** function _MRF89XA_Initialize *****************
 Defined at:
		line 18 in file "MRF89XA.c"
 Parameters:    Size  Location     Type
  Address         1    wreg     unsigned char 
  Mode            1   17[BANK0 ] unsigned char 
  Modulation      1   18[BANK0 ] unsigned char 
 Auto vars:     Size  Location     Type
  Address         1   20[BANK0 ] unsigned char 
 Return value:  Size  Location     Type
                  1    wreg      void 
 Registers used:
		wreg, status,2, status,0, pclath, cstack
 Tracked objects:
		On entry : 
		On exit  : 
		Unchanged: 
 Data sizes:     COMMON   BANK0   BANK1   BANK2   BANK3   BANK4
      Params:         0       2       0       0       0       0
      Locals:         0       1       0       0       0       0
      Temps:          0       1       0       0       0       0
      Totals:         0       4       0       0       0       0
Total ram usage:        4 bytes
 Hardware stack levels used:    1
 Hardware stack levels required when called:   14
 This function calls:
		_MRF89XA_SetMode
		_MRF89XA_SetModulation
		_MRF89XA_WriteConfig
 This function is called by:
		_main
 This function uses a non-reentrant model


 *************** function _MRF89XA_SetModulation *****************
 Defined at:
		line 67 in file "MRF89XA.c"
 Parameters:    Size  Location     Type
  Modulation      1    wreg     unsigned char 
 Auto vars:     Size  Location     Type
  Modulation      1   15[BANK0 ] unsigned char 
  mask            1   16[BANK0 ] unsigned char 
 Return value:  Size  Location     Type
                  1    wreg      void 
 Registers used:
		wreg, status,2, status,0, pclath, cstack
 Tracked objects:
		On entry : 
		On exit  : 
		Unchanged: 
 Data sizes:     COMMON   BANK0   BANK1   BANK2   BANK3   BANK4
      Params:         0       0       0       0       0       0
      Locals:         0       2       0       0       0       0
      Temps:          0       1       0       0       0       0
      Totals:         0       3       0       0       0       0
Total ram usage:        3 bytes
 Hardware stack levels used:    1
 Hardware stack levels required when called:   13
 This function calls:
		_MRF89XA_WriteConfig
 This function is called by:
		_MRF89XA_Initialize
 This function uses a non-reentrant model


 *************** function _MRF89XA_SetMode *****************
 Defined at:
		line 53 in file "MRF89XA.c"
 Parameters:    Size  Location     Type
  Mode            1    wreg     unsigned char 
 Auto vars:     Size  Location     Type
  Mode            1   16[BANK0 ] unsigned char 
  mask            1   15[BANK0 ] unsigned char 
 Return value:  Size  Location     Type
                  1    wreg      void 
 Registers used:
		wreg, status,2, status,0, pclath, cstack
 Tracked objects:
		On entry : 
		On exit  : 
		Unchanged: 
 Data sizes:     COMMON   BANK0   BANK1   BANK2   BANK3   BANK4
      Params:         0       0       0       0       0       0
      Locals:         0       2       0       0       0       0
      Temps:          0       1       0       0       0       0
      Totals:         0       3       0       0       0       0
Total ram usage:        3 bytes
 Hardware stack levels used:    1
 Hardware stack levels required when called:   13
 This function calls:
		_MRF89XA_WriteConfig
 This function is called by:
		_MRF89XA_Initialize
 This function uses a non-reentrant model


 *************** function _MRF89XA_WriteConfig *****************
 Defined at:
		line 123 in file "MRF89XA.c"
 Parameters:    Size  Location     Type
  Address         1    wreg     unsigned char 
  Data            1   11[BANK0 ] unsigned char 
 Auto vars:     Size  Location     Type
  Address         1   13[BANK0 ] unsigned char 
 Return value:  Size  Location     Type
                  1    wreg      unsigned char 
 Registers used:
		wreg, status,2, status,0, pclath, cstack
 Tracked objects:
		On entry : 
		On exit  : 
		Unchanged: 
 Data sizes:     COMMON   BANK0   BANK1   BANK2   BANK3   BANK4
      Params:         0       1       0       0       0       0
      Locals:         0       1       0       0       0       0
      Temps:          0       1       0       0       0       0
      Totals:         0       3       0       0       0       0
Total ram usage:        3 bytes
 Hardware stack levels used:    1
 Hardware stack levels required when called:   12
 This function calls:
		_MRF89XA_ExchangeConfig_A
		_MRF89XA_GetAddress
 This function is called by:
		_MRF89XA_Initialize
		_MRF89XA_SetMode
		_MRF89XA_SetModulation
 This function uses a non-reentrant model


 *************** function _MRF89XA_GetAddress *****************
 Defined at:
		line 183 in file "MRF89XA.c"
 Parameters:    Size  Location     Type
  Address         1    wreg     unsigned char 
  Read            1    3[BANK0 ] unsigned char 
 Auto vars:     Size  Location     Type
  Address         1    5[BANK0 ] unsigned char 
  ret             1    6[BANK0 ] unsigned char 
 Return value:  Size  Location     Type
                  1    wreg      unsigned char 
 Registers used:
		wreg, status,2, status,0
 Tracked objects:
		On entry : 
		On exit  : 
		Unchanged: 
 Data sizes:     COMMON   BANK0   BANK1   BANK2   BANK3   BANK4
      Params:         0       1       0       0       0       0
      Locals:         0       2       0       0       0       0
      Temps:          0       1       0       0       0       0
      Totals:         0       4       0       0       0       0
Total ram usage:        4 bytes
 Hardware stack levels used:    1
 Hardware stack levels required when called:    9
 This function calls:
		Nothing
 This function is called by:
		_MRF89XA_WriteConfig
 This function uses a non-reentrant model


 *************** function _MRF89XA_ExchangeConfig_A *****************
 Defined at:
		line 155 in file "MRF89XA.c"
 Parameters:    Size  Location     Type
  Address         1    wreg     unsigned char 
  Data            1    7[BANK0 ] unsigned char 
 Auto vars:     Size  Location     Type
  Address         1    9[BANK0 ] unsigned char 
  ret             1   10[BANK0 ] unsigned char 
 Return value:  Size  Location     Type
                  1    wreg      unsigned char 
 Registers used:
		wreg, status,2, status,0, pclath, cstack
 Tracked objects:
		On entry : 
		On exit  : 
		Unchanged: 
 Data sizes:     COMMON   BANK0   BANK1   BANK2   BANK3   BANK4
      Params:         0       1       0       0       0       0
      Locals:         0       2       0       0       0       0
      Temps:          0       1       0       0       0       0
      Totals:         0       4       0       0       0       0
Total ram usage:        4 bytes
 Hardware stack levels used:    1
 Hardware stack levels required when called:   11
 This function calls:
		_MRF89XA_SPI_ExchangeByte
 This function is called by:
		_MRF89XA_WriteConfig
 This function uses a non-reentrant model


 *************** function _MRF89XA_SPI_ExchangeByte *****************
 Defined at:
		line 77 in file "MRF89XA.c"
 Parameters:    Size  Location     Type
  byte            1    wreg     unsigned char 
 Auto vars:     Size  Location     Type
  byte            1    5[BANK0 ] unsigned char 
 Return value:  Size  Location     Type
                  1    wreg      unsigned char 
 Registers used:
		wreg, pclath, cstack
 Tracked objects:
		On entry : 
		On exit  : 
		Unchanged: 
 Data sizes:     COMMON   BANK0   BANK1   BANK2   BANK3   BANK4
      Params:         0       0       0       0       0       0
      Locals:         0       1       0       0       0       0
      Temps:          0       1       0       0       0       0
      Totals:         0       2       0       0       0       0
Total ram usage:        2 bytes
 Hardware stack levels used:    1
 Hardware stack levels required when called:   10
 This function calls:
		_spi1_exchangeByte
 This function is called by:
		_MRF89XA_ExchangeConfig_A
		_MRF89XA_ExchangeConfig
 This function uses a non-reentrant model


 *************** function _spi1_exchangeByte *****************
 Defined at:
		line 64 in file "mcc_generated_files/spi1_driver.c"
 Parameters:    Size  Location     Type
  b               1    3[BANK0 ] unsigned char 
 Auto vars:     Size  Location     Type
		None
 Return value:  Size  Location     Type
                  1    wreg      unsigned char 
 Registers used:
		wreg
 Tracked objects:
		On entry : 
		On exit  : 
		Unchanged: 
 Data sizes:     COMMON   BANK0   BANK1   BANK2   BANK3   BANK4
      Params:         0       1       0       0       0       0
      Locals:         0       0       0       0       0       0
      Temps:          0       0       0       0       0       0
      Totals:         0       1       0       0       0       0
Total ram usage:        1 bytes
 Hardware stack levels used:    1
 Hardware stack levels required when called:    9
 This function calls:
		Nothing
 This function is called by:
		_MRF89XA_SPI_ExchangeByte
		_spi1_exchangeBlock
		_spi1_writeBlock
		_spi1_readBlock
 This function uses a non-reentrant model


 *************** function _Delay_Xms *****************
 Defined at:
		line 66 in file "main.c"
 Parameters:    Size  Location     Type
  delay           4    3[BANK0 ] long 
 Auto vars:     Size  Location     Type
  i               4    8[BANK0 ] long 
 Return value:  Size  Location     Type
                  1    wreg      void 
 Registers used:
		wreg
 Tracked objects:
		On entry : 
		On exit  : 
		Unchanged: 
 Data sizes:     COMMON   BANK0   BANK1   BANK2   BANK3   BANK4
      Params:         0       4       0       0       0       0
      Locals:         0       4       0       0       0       0
      Temps:          0       1       0       0       0       0
      Totals:         0       9       0       0       0       0
Total ram usage:        9 bytes
 Hardware stack levels used:    1
 Hardware stack levels required when called:    9
 This function calls:
		Nothing
 This function is called by:
		_main
		_MRF89XA_SendData
		_MRF89XA_SendCommand
 This function uses a non-reentrant model


 *************** function _INTERRUPT_InterruptManager *****************
 Defined at:
		line 52 in file "mcc_generated_files/interrupt_manager.c"
 Parameters:    Size  Location     Type
		None
 Auto vars:     Size  Location     Type
		None
 Return value:  Size  Location     Type
                  1    wreg      void 
 Registers used:
		wreg, fsr1l, fsr1h, status,2, status,0, pclath, cstack
 Tracked objects:
		On entry : 
		On exit  : 
		Unchanged: 
 Data sizes:     COMMON   BANK0   BANK1   BANK2   BANK3   BANK4
      Params:         0       0       0       0       0       0
      Locals:         0       0       0       0       0       0
[...]
 This function uses a non-reentrant model


 *************** function _IOCBF3_ISR *****************
 Defined at:
		line 180 in file "mcc_generated_files/pin_manager.c"
 Parameters:    Size  Location     Type
		None
 Auto vars:     Size  Location     Type
		None
 Return value:  Size  Location     Type
                  1    wreg      void 
 Registers used:
		wreg, status,2, status,0, pclath, cstack
 Tracked objects:
		On entry : 
		On exit  : 
		Unchanged: 
 Data sizes:     COMMON   BANK0   BANK1   BANK2   BANK3   BANK4
      Params:         0       0       0       0       0       0
      Locals:         0       0       0       0       0       0
      Temps:          0       0       0       0       0       0
      Totals:         0       0       0       0       0       0
Total ram usage:        0 bytes
 Hardware stack levels used:    1
 Hardware stack levels required when called:    1
 This function calls:
		Absolute function
		_IOCBF3_DefaultInterruptHandler
 This function is called by:
		_PIN_MANAGER_IOC
 This function uses a non-reentrant model


 *************** function _IOCBF3_DefaultInterruptHandler *****************
 Defined at:
		line 202 in file "mcc_generated_files/pin_manager.c"
 Parameters:    Size  Location     Type
		None
 Auto vars:     Size  Location     Type
		None
 Return value:  Size  Location     Type
                  1    wreg      void 
 Registers used:
		None
 Tracked objects:
		On entry : 
		On exit  : 
		Unchanged: 
 Data sizes:     COMMON   BANK0   BANK1   BANK2   BANK3   BANK4
      Params:         0       0       0       0       0       0
      Locals:         0       0       0       0       0       0
      Temps:          0       0       0       0       0       0
      Totals:         0       0       0       0       0       0
Total ram usage:        0 bytes
 Hardware stack levels used:    1
 This function calls:
		Nothing
 This function is called by:
		_PIN_MANAGER_Initialize
		_IOCBF3_ISR
 This function uses a non-reentrant model


 *************** function _IOCBF0_ISR *****************
 Defined at:
		line 150 in file "mcc_generated_files/pin_manager.c"
 Parameters:    Size  Location     Type
		None
 Auto vars:     Size  Location     Type
		None
 Return value:  Size  Location     Type
                  1    wreg      void 
 Registers used:
		wreg, fsr1l, fsr1h, status,2, status,0, pclath, cstack
 Tracked objects:
		On entry : 
		On exit  : 
		Unchanged: 
 Data sizes:     COMMON   BANK0   BANK1   BANK2   BANK3   BANK4
      Params:         0       0       0       0       0       0
      Locals:         0       0       0       0       0       0
      Temps:          0       0       0       0       0       0
      Totals:         0       0       0       0       0       0
Total ram usage:        0 bytes
 Hardware stack levels used:    1
 Hardware stack levels required when called:    6
 This function calls:
		Absolute function
		_IOCBF0_DefaultInterruptHandler
		_IRQ0_ISR
 This function is called by:
		_PIN_MANAGER_IOC
 This function uses a non-reentrant model


 *************** function _IOCBF0_DefaultInterruptHandler *****************
 Defined at:
		line 172 in file "mcc_generated_files/pin_manager.c"
 Parameters:    Size  Location     Type
		None
 Auto vars:     Size  Location     Type
		None
 Return value:  Size  Location     Type
                  1    wreg      void 
 Registers used:
		None
 Tracked objects:
		On entry : 
		On exit  : 
		Unchanged: 
 Data sizes:     COMMON   BANK0   BANK1   BANK2   BANK3   BANK4
      Params:         0       0       0       0       0       0
      Locals:         0       0       0       0       0       0
      Temps:          0       0       0       0       0       0
      Totals:         0       0       0       0       0       0
Total ram usage:        0 bytes
 Hardware stack levels used:    1
 This function calls:
		Nothing
 This function is called by:
		_PIN_MANAGER_Initialize
		_IOCBF0_ISR
 This function uses a non-reentrant model


 *************** function _IRQ0_ISR *****************
 Defined at:
		line 146 in file "main.c"
 Parameters:    Size  Location     Type
		None
 Auto vars:     Size  Location     Type
  Data1           1    2[BANK0 ] unsigned char 
  Dummy           1    0        unsigned char 
  Address         1    0        unsigned char 
 Return value:  Size  Location     Type
                  1    wreg      void 
 Registers used:
		wreg, fsr1l, fsr1h, status,2, status,0, pclath, cstack
 Tracked objects:
		On entry : 
		On exit  : 
		Unchanged: 
 Data sizes:     COMMON   BANK0   BANK1   BANK2   BANK3   BANK4
      Params:         0       0       0       0       0       0
      Locals:         0       3       0       0       0       0
      Temps:          1       0       0       0       0       0
      Totals:         1       3       0       0       0       0
Total ram usage:        4 bytes
 Hardware stack levels used:    1
 Hardware stack levels required when called:    5
 This function calls:
		_MRF89XA_IsFifoEmpty
		_ReadFifo
		i1_Delay_Xms
 This function is called by:
		_main
		_IOCBF0_ISR
 This function uses a non-reentrant model


 *************** function i1_Delay_Xms *****************
 Defined at:
		line 66 in file "main.c"
 Parameters:    Size  Location     Type
  delay           4    0[COMMON] long 
 Auto vars:     Size  Location     Type
  Delay_Xms       4    5[COMMON] long 
 Return value:  Size  Location     Type
                  1    wreg      void 
 Registers used:
		wreg
 Tracked objects:
		On entry : 
		On exit  : 
		Unchanged: 
 Data sizes:     COMMON   BANK0   BANK1   BANK2   BANK3   BANK4
      Params:         4       0       0       0       0       0
      Locals:         4       0       0       0       0       0
      Temps:          1       0       0       0       0       0
      Totals:         9       0       0       0       0       0
Total ram usage:        9 bytes
 Hardware stack levels used:    1
 This function calls:
		Nothing
 This function is called by:
		_IRQ0_ISR
 This function uses a non-reentrant model


 *************** function _ReadFifo *****************
 Defined at:
		line 135 in file "main.c"
 Parameters:    Size  Location     Type
		None
 Auto vars:     Size  Location     Type
  res             1    8[COMMON] unsigned char 
 Return value:  Size  Location     Type
                  1    wreg      unsigned char 
 Registers used:
		wreg, fsr1l, fsr1h, status,2, status,0, pclath, cstack
 Tracked objects:
		On entry : 
		On exit  : 
		Unchanged: 
 Data sizes:     COMMON   BANK0   BANK1   BANK2   BANK3   BANK4
      Params:         0       0       0       0       0       0
      Locals:         1       0       0       0       0       0
      Temps:          2       0       0       0       0       0
      Totals:         3       0       0       0       0       0
Total ram usage:        3 bytes
 Hardware stack levels used:    1
 Hardware stack levels required when called:    4
 This function calls:
		_MRF89XA_ReadFifo
 This function is called by:
		_IRQ0_ISR
 This function uses a non-reentrant model


 *************** function _MRF89XA_ReadFifo *****************
 Defined at:
		line 131 in file "MRF89XA.c"
 Parameters:    Size  Location     Type
		None
 Auto vars:     Size  Location     Type
		None
 Return value:  Size  Location     Type
                  1    wreg      unsigned char 
 Registers used:
		wreg, pclath, cstack
 Tracked objects:
		On entry : 
		On exit  : 
		Unchanged: 
 Data sizes:     COMMON   BANK0   BANK1   BANK2   BANK3   BANK4
      Params:         0       0       0       0       0       0
      Locals:         0       0       0       0       0       0
      Temps:          0       0       0       0       0       0
      Totals:         0       0       0       0       0       0
Total ram usage:        0 bytes
 Hardware stack levels used:    1
 Hardware stack levels required when called:    3
 This function calls:
		_MRF89XA_ExchangeFifo
 This function is called by:
		_ReadFifo
 This function uses a non-reentrant model


 *************** function _MRF89XA_ExchangeFifo *****************
 Defined at:
		line 139 in file "MRF89XA.c"
 Parameters:    Size  Location     Type
  Data            1    wreg     unsigned char 
 Auto vars:     Size  Location     Type
  Data            1    4[COMMON] unsigned char 
  ret             1    5[COMMON] unsigned char 
 Return value:  Size  Location     Type
                  1    wreg      unsigned char 
 Registers used:
		wreg, pclath, cstack
 Tracked objects:
		On entry : 
		On exit  : 
		Unchanged: 
 Data sizes:     COMMON   BANK0   BANK1   BANK2   BANK3   BANK4
      Params:         0       0       0       0       0       0
      Locals:         2       0       0       0       0       0
      Temps:          1       0       0       0       0       0
      Totals:         3       0       0       0       0       0
Total ram usage:        3 bytes
 Hardware stack levels used:    1
 Hardware stack levels required when called:    2
 This function calls:
		i1_MRF89XA_SPI_ExchangeByte
 This function is called by:
		_MRF89XA_ReadFifo
		_MRF89XA_WriteFifo
 This function uses a non-reentrant model


 *************** function _MRF89XA_IsFifoEmpty *****************
 Defined at:
		line 213 in file "MRF89XA.c"
 Parameters:    Size  Location     Type
		None
 Auto vars:     Size  Location     Type
  reg             1   11[COMMON] unsigned char 
 Return value:  Size  Location     Type
                  1    wreg      unsigned char 
 Registers used:
		wreg, status,2, status,0, pclath, cstack
 Tracked objects:
		On entry : 
		On exit  : 
		Unchanged: 
 Data sizes:     COMMON   BANK0   BANK1   BANK2   BANK3   BANK4
      Params:         0       0       0       0       0       0
      Locals:         1       0       0       0       0       0
      Temps:          1       0       0       0       0       0
      Totals:         2       0       0       0       0       0
Total ram usage:        2 bytes
 Hardware stack levels used:    1
 Hardware stack levels required when called:    4
 This function calls:
		_MRF89XA_ReadConfig
 This function is called by:
		_IRQ0_ISR
 This function uses a non-reentrant model


 *************** function _MRF89XA_ReadConfig *****************
 Defined at:
		line 127 in file "MRF89XA.c"
 Parameters:    Size  Location     Type
  Address         1    wreg     unsigned char 
 Auto vars:     Size  Location     Type
  Address         1    9[COMMON] unsigned char 
 Return value:  Size  Location     Type
                  1    wreg      unsigned char 
 Registers used:
		wreg, status,2, status,0, pclath, cstack
 Tracked objects:
		On entry : 
		On exit  : 
		Unchanged: 
 Data sizes:     COMMON   BANK0   BANK1   BANK2   BANK3   BANK4
      Params:         0       0       0       0       0       0
      Locals:         1       0       0       0       0       0
      Temps:          1       0       0       0       0       0
      Totals:         2       0       0       0       0       0
Total ram usage:        2 bytes
 Hardware stack levels used:    1
 Hardware stack levels required when called:    3
 This function calls:
		i1_MRF89XA_ExchangeConfig_A
		i1_MRF89XA_GetAddress
 This function is called by:
		_MRF89XA_IsFifoEmpty
		_MRF89XA_IsCRCOK
		_MRF89XA_IsTxDone
		_MRF89XA_IsFifoFull
		_MRF89XA_IsFifoOverrun
 This function uses a non-reentrant model


 *************** function i1_MRF89XA_GetAddress *****************
 Defined at:
		line 183 in file "MRF89XA.c"
 Parameters:    Size  Location     Type
  Address         1    wreg     unsigned char 
  Read            1    0[COMMON] unsigned char 
 Auto vars:     Size  Location     Type
  Address         1    2[COMMON] unsigned char 
  MRF89XA_GetA    1    3[COMMON] unsigned char 
 Return value:  Size  Location     Type
                  1    wreg      unsigned char 
 Registers used:
		wreg, status,2, status,0
 Tracked objects:
		On entry : 
		On exit  : 
		Unchanged: 
 Data sizes:     COMMON   BANK0   BANK1   BANK2   BANK3   BANK4
      Params:         1       0       0       0       0       0
      Locals:         2       0       0       0       0       0
      Temps:          1       0       0       0       0       0
      Totals:         4       0       0       0       0       0
Total ram usage:        4 bytes
 Hardware stack levels used:    1
 This function calls:
		Nothing
 This function is called by:
		_MRF89XA_ReadConfig
 This function uses a non-reentrant model


 *************** function i1_MRF89XA_ExchangeConfig_A *****************
 Defined at:
		line 155 in file "MRF89XA.c"
 Parameters:    Size  Location     Type
  Address         1    wreg     unsigned char 
  Data            1    4[COMMON] unsigned char 
 Auto vars:     Size  Location     Type
  Address         1    6[COMMON] unsigned char 
  MRF89XA_Exch    1    7[COMMON] unsigned char 
 Return value:  Size  Location     Type
                  1    wreg      unsigned char 
 Registers used:
		wreg, status,2, status,0, pclath, cstack
 Tracked objects:
		On entry : 
		On exit  : 
		Unchanged: 
 Data sizes:     COMMON   BANK0   BANK1   BANK2   BANK3   BANK4
      Params:         1       0       0       0       0       0
      Locals:         2       0       0       0       0       0
      Temps:          1       0       0       0       0       0
      Totals:         4       0       0       0       0       0
Total ram usage:        4 bytes
 Hardware stack levels used:    1
 Hardware stack levels required when called:    2
 This function calls:
		i1_MRF89XA_SPI_ExchangeByte
 This function is called by:
		_MRF89XA_ReadConfig
 This function uses a non-reentrant model


 *************** function i1_MRF89XA_SPI_ExchangeByte *****************
 Defined at:
		line 77 in file "MRF89XA.c"
 Parameters:    Size  Location     Type
  byte            1    wreg     unsigned char 
 Auto vars:     Size  Location     Type
  byte            1    2[COMMON] unsigned char 
 Return value:  Size  Location     Type
                  1    wreg      unsigned char 
 Registers used:
		wreg, pclath, cstack
 Tracked objects:
		On entry : 
		On exit  : 
		Unchanged: 
 Data sizes:     COMMON   BANK0   BANK1   BANK2   BANK3   BANK4
      Params:         0       0       0       0       0       0
      Locals:         1       0       0       0       0       0
      Temps:          1       0       0       0       0       0
      Totals:         2       0       0       0       0       0
Total ram usage:        2 bytes
 Hardware stack levels used:    1
 Hardware stack levels required when called:    1
 This function calls:
		i1_spi1_exchangeByte
 This function is called by:
		_MRF89XA_ExchangeFifo
		i1_MRF89XA_ExchangeConfig_A
 This function uses a non-reentrant model


 *************** function i1_spi1_exchangeByte *****************
 Defined at:
		line 64 in file "mcc_generated_files/spi1_driver.c"
 Parameters:    Size  Location     Type
  b               1    0[COMMON] unsigned char 
 Auto vars:     Size  Location     Type
		None
 Return value:  Size  Location     Type
                  1    wreg      unsigned char 
 Registers used:
		wreg
 Tracked objects:
		On entry : 
		On exit  : 
		Unchanged: 
 Data sizes:     COMMON   BANK0   BANK1   BANK2   BANK3   BANK4
      Params:         1       0       0       0       0       0
      Locals:         0       0       0       0       0       0
      Temps:          0       0       0       0       0       0
      Totals:         1       0       0       0       0       0
Total ram usage:        1 bytes
 Hardware stack levels used:    1
 This function calls:
		Nothing
 This function is called by:
		i1_MRF89XA_SPI_ExchangeByte
 This function uses a non-reentrant model


 *************** function _ADC_ISR *****************
 Defined at:
		line 134 in file "mcc_generated_files/adc.c"
 Parameters:    Size  Location     Type
		None
 Auto vars:     Size  Location     Type
		None
 Return value:  Size  Location     Type
                  1    wreg      void 
 Registers used:
		None
 Tracked objects:
		On entry : 
		On exit  : 
		Unchanged: 
 Data sizes:     COMMON   BANK0   BANK1   BANK2   BANK3   BANK4
      Params:         0       0       0       0       0       0
      Locals:         0       0       0       0       0       0
      Temps:          0       0       0       0       0       0
      Totals:         0       0       0       0       0       0
Total ram usage:        0 bytes
 Hardware stack levels used:    1
 This function calls:
		Nothing
 This function is called by:
		_INTERRUPT_InterruptManager
 This function uses a non-reentrant model



MODULE INFORMATION

Module		Function		Class		Link	Load	Size
mcc_generated_files/tmr2.c
		_TMR2_ISR      		CODE           	033E	0000	20
		_TMR2_Initialize		CODE           	0351	0000	19
		_TMR2_SetInterruptHandler		CODE           	046B	0000	7
		_TMR2_DefaultInterruptHandler		CODE           	049B	0000	2
		_TMR2_CallBack 		CODE           	042D	0000	12

mcc_generated_files/tmr2.c estimated size: 60

mcc_generated_files/interrupt_manager.c
		_INTERRUPT_InterruptManager		CODE           	0004	0000	42

mcc_generated_files/interrupt_manager.c estimated size: 42

mcc_generated_files/pin_manager.c
		_IOCBF3_DefaultInterruptHandler		CODE           	049D	0000	2
		_IOCBF0_ISR    		CODE           	0407	0000	14
		_PIN_MANAGER_Initialize		CODE           	0214	0000	56
		_IOCBF3_ISR    		CODE           	03FA	0000	14
		_IOCBF5_SetInterruptHandler		CODE           	0471	0000	7
		_IOCBF0_SetInterruptHandler		CODE           	047D	0000	7
		_IOCBF3_SetInterruptHandler		CODE           	0477	0000	7
		_PIN_MANAGER_IOC		CODE           	0363	0000	19
		_IOCBF5_DefaultInterruptHandler		CODE           	049C	0000	2
		_IOCBF5_ISR    		CODE           	03ED	0000	14
		_IOCBF0_DefaultInterruptHandler		CODE           	049E	0000	2

mcc_generated_files/pin_manager.c estimated size: 144

mcc_generated_files/spi1_driver.c
		_spi1_isr      		CODE           	0483	0000	6
		_spi1_open     		CODE           	017D	0000	88
		_spi1_exchangeByte		CODE           	0397	0000	16

mcc_generated_files/spi1_driver.c estimated size: 110

MRF89XA.c
		_MRF89XA_GetAddress		CODE           	0387	0000	17
		_MRF89XA_WriteConfig		CODE           	03C3	0000	15
		_MRF89XA_IsFifoEmpty		CODE           	0414	0000	14
		_MRF89XA_ExchangeFifo		CODE           	03D1	0000	15
		_MRF89XA_ReadFifo		CODE           	0490	0000	5
		_MRF89XA_SPI_ExchangeByte		CODE           	044B	0000	10
		_MRF89XA_ReadConfig		CODE           	03DF	0000	15
		_MRF89XA_SetMode		CODE           	02A8	0000	32
		_MRF89XA_ExchangeConfig_A		CODE           	02FE	0000	24
		_MRF89XA_Initialize		CODE           	0052	0000	202
		_MRF89XA_SetModulation		CODE           	0315	0000	22

MRF89XA.c estimated size: 371

mcc_generated_files/adc.c
		_ADC_Initialize		CODE           	0442	0000	10
		_ADC_ISR       		CODE           	0497	0000	4

mcc_generated_files/adc.c estimated size: 14

mcc_generated_files/drivers/spi_master.c
		_spi_master_open		CODE           	03B5	0000	15
		_MASTER_open   		CODE           	0488	0000	5

mcc_generated_files/drivers/spi_master.c estimated size: 20

shared
		i1_MRF89XA_SPI_ExchangeByte		CODE           	045C	0000	9
		__initialization		CODE           	002F	0000	32
		i1_Delay_Xms   		CODE           	027B	0000	46
		i1_spi1_exchangeByte		CODE           	0438	0000	11
		i1_MRF89XA_ExchangeConfig_A		CODE           	0375	0000	19
		i1_MRF89XA_GetAddress		CODE           	03A6	0000	16
		_spiMaster     		STRCODE        	0000	0000	0
		_spi1_configuration		STRCODE        	0454	0000	9
		_TurnOffTimeout		STRCODE        	0000	0000	0

shared estimated size: 142

mcc_generated_files/mcc.c
		_WDT_Initialize		CODE           	048C	0000	5
		_OSCILLATOR_Initialize		CODE           	0464	0000	8
		_SYSTEM_Initialize		CODE           	02E5	0000	26

mcc_generated_files/mcc.c estimated size: 39

main.c
		_ReadFifo      		CODE           	02C7	0000	31
		_main          		CODE           	011B	0000	99
		_IRQ0_ISR      		CODE           	01D4	0000	65
		_Delay_Xms     		CODE           	024B	0000	49

main.c estimated size: 244

